Address  Machine code              Source
00000                            C:\Users\m-nak\OneDrive\ドキュメント\Claude\Projects\PokeCom\Assembler\examples\sum.asm(1): ; SC62015: calculate 10 + 9 + ... + 1, leave 55 in A.
00000                            C:\Users\m-nak\OneDrive\ドキュメント\Claude\Projects\PokeCom\Assembler\examples\sum.asm(2): ; Example origin only: reserve the load area before running on a PC-E500.
B8000                            C:\Users\m-nak\OneDrive\ドキュメント\Claude\Projects\PokeCom\Assembler\examples\sum.asm(3):         ORG &B8000
B8000                            C:\Users\m-nak\OneDrive\ドキュメント\Claude\Projects\PokeCom\Assembler\examples\sum.asm(4): COUNT   EQU 10
B8000                            C:\Users\m-nak\OneDrive\ドキュメント\Claude\Projects\PokeCom\Assembler\examples\sum.asm(5): start:
B8000    08 00                     C:\Users\m-nak\OneDrive\ドキュメント\Claude\Projects\PokeCom\Assembler\examples\sum.asm(6):         MV A,0
B8002    09 0A                     C:\Users\m-nak\OneDrive\ドキュメント\Claude\Projects\PokeCom\Assembler\examples\sum.asm(7):         MV IL,COUNT
B8004                            C:\Users\m-nak\OneDrive\ドキュメント\Claude\Projects\PokeCom\Assembler\examples\sum.asm(8): loop:
B8004    46 01                     C:\Users\m-nak\OneDrive\ドキュメント\Claude\Projects\PokeCom\Assembler\examples\sum.asm(9):         ADD A,IL
B8006    7C 01                     C:\Users\m-nak\OneDrive\ドキュメント\Claude\Projects\PokeCom\Assembler\examples\sum.asm(10):         DEC IL
B8008    1B 06                     C:\Users\m-nak\OneDrive\ドキュメント\Claude\Projects\PokeCom\Assembler\examples\sum.asm(11):         JRNZ loop
B800A    06                        C:\Users\m-nak\OneDrive\ドキュメント\Claude\Projects\PokeCom\Assembler\examples\sum.asm(12):         RET
B800B                            C:\Users\m-nak\OneDrive\ドキュメント\Claude\Projects\PokeCom\Assembler\examples\sum.asm(13):         END
